[INFO] Get histos from /eos/home-g/geliu/LepUni/Histos/UL2016/DistributionPlots/CRQCDvSRSSTree.diBoson.root
[INFO] Get histos from /eos/home-g/geliu/LepUni/Histos/UL2016/DistributionPlots/CRQCDvSRSSTree.triBoson.root
[INFO] Get histos from /eos/home-g/geliu/LepUni/Histos/UL2016/DistributionPlots/CRQCDvSRSSTree.top.root
[INFO] Get histos from /eos/home-g/geliu/LepUni/Histos/UL2016/DistributionPlots/CRQCDvSRSSTree.EWKZee.root
[INFO] Get histos from /eos/home-g/geliu/LepUni/Histos/UL2016/DistributionPlots/CRQCDvSRSSTree.EWKZtt.root
[INFO] Get histos from /eos/home-g/geliu/LepUni/Histos/UL2016/DistributionPlots/CRQCDvSRSSTree.EWKZmm.root
[INFO] Get histos from /eos/home-g/geliu/LepUni/Histos/UL2016/DistributionPlots/CRQCDvSRSSTree.DYee.root
[INFO] Get histos from /eos/home-g/geliu/LepUni/Histos/UL2016/DistributionPlots/CRQCDvSRSSTree.DYtt.root
[INFO] Get histos from /eos/home-g/geliu/LepUni/Histos/UL2016/DistributionPlots/CRQCDvSRSSTree.DYmm.root
[INFO] Get histos from /eos/home-g/geliu/LepUni/Histos/UL2016/DistributionPlots/CRQCDvSRSSTree.Wjet.root
[INFO] Get histos from /eos/home-g/geliu/LepUni/Histos/UL2016/DistributionPlots/CRQCDvSRSSTree.TTfake.root
[INFO] Get histos from /eos/home-g/geliu/LepUni/Histos/UL2016/DistributionPlots/CRQCDvSRSSTree.Data.root
[INFO] Total MC summed
[INFO] Saved Histos to /eos/home-g/geliu/LepUni/Histos/UL2016/DistributionPlots/CRQCDvSRSSTree.TotalMC.root
