[INFO] Get histos from /eos/home-g/geliu/LepUni/Histos/UL2016/DistributionPlots/CRAPPSSTree.diBoson.root
[INFO] Get histos from /eos/home-g/geliu/LepUni/Histos/UL2016/DistributionPlots/CRAPPSSTree.triBoson.root
[INFO] Get histos from /eos/home-g/geliu/LepUni/Histos/UL2016/DistributionPlots/CRAPPSSTree.top.root
[INFO] Get histos from /eos/home-g/geliu/LepUni/Histos/UL2016/DistributionPlots/CRAPPSSTree.EWKZee.root
[INFO] Get histos from /eos/home-g/geliu/LepUni/Histos/UL2016/DistributionPlots/CRAPPSSTree.EWKZtt.root
[INFO] Get histos from /eos/home-g/geliu/LepUni/Histos/UL2016/DistributionPlots/CRAPPSSTree.EWKZmm.root
[INFO] Get histos from /eos/home-g/geliu/LepUni/Histos/UL2016/DistributionPlots/CRAPPSSTree.DYee.root
[INFO] Get histos from /eos/home-g/geliu/LepUni/Histos/UL2016/DistributionPlots/CRAPPSSTree.DYtt.root
[INFO] Get histos from /eos/home-g/geliu/LepUni/Histos/UL2016/DistributionPlots/CRAPPSSTree.DYmm.root
[INFO] Get histos from /eos/home-g/geliu/LepUni/Histos/UL2016/DistributionPlots/CRAPPSSTree.Wjet.root
[INFO] Get histos from /eos/home-g/geliu/LepUni/Histos/UL2016/DistributionPlots/CRAPPSSTree.TTfake.root
[INFO] Get histos from /eos/home-g/geliu/LepUni/Histos/UL2016/DistributionPlots/CRAPPSSTree.Data.root
[INFO] Total MC summed
[INFO] Saved Histos to /eos/home-g/geliu/LepUni/Histos/UL2016/DistributionPlots/CRAPPSSTree.TotalMC.root
