[INFO] Get histos from /eos/home-g/geliu/LepUni/Histos/UL2016/DistributionPlots/CRQCDvSRTree.diBoson.root
[INFO] Get histos from /eos/home-g/geliu/LepUni/Histos/UL2016/DistributionPlots/CRQCDvSRTree.triBoson.root
[INFO] Get histos from /eos/home-g/geliu/LepUni/Histos/UL2016/DistributionPlots/CRQCDvSRTree.top.root
[INFO] Get histos from /eos/home-g/geliu/LepUni/Histos/UL2016/DistributionPlots/CRQCDvSRTree.EWKZee.root
[INFO] Get histos from /eos/home-g/geliu/LepUni/Histos/UL2016/DistributionPlots/CRQCDvSRTree.EWKZtt.root
[INFO] Get histos from /eos/home-g/geliu/LepUni/Histos/UL2016/DistributionPlots/CRQCDvSRTree.EWKZmm.root
[INFO] Get histos from /eos/home-g/geliu/LepUni/Histos/UL2016/DistributionPlots/CRQCDvSRTree.DYee.root
[INFO] Get histos from /eos/home-g/geliu/LepUni/Histos/UL2016/DistributionPlots/CRQCDvSRTree.DYtt.root
[INFO] Get histos from /eos/home-g/geliu/LepUni/Histos/UL2016/DistributionPlots/CRQCDvSRTree.DYmm.root
[INFO] Get histos from /eos/home-g/geliu/LepUni/Histos/UL2016/DistributionPlots/CRQCDvSRTree.Wjet.root
[INFO] Get histos from /eos/home-g/geliu/LepUni/Histos/UL2016/DistributionPlots/CRQCDvSRTree.TTfake.root
[INFO] Get histos from /eos/home-g/geliu/LepUni/Histos/UL2016/DistributionPlots/CRQCDvSRTree.Data.root
[INFO] Total MC summed
[INFO] Saved Histos to /eos/home-g/geliu/LepUni/Histos/UL2016/DistributionPlots/CRQCDvSRTree.TotalMC.root
