[INFO] Get histos from /eos/home-g/geliu/LepUni/Histos/UL2016/DistributionPlots/CRAPPOSTree.diBoson.root
[INFO] Get histos from /eos/home-g/geliu/LepUni/Histos/UL2016/DistributionPlots/CRAPPOSTree.triBoson.root
[INFO] Get histos from /eos/home-g/geliu/LepUni/Histos/UL2016/DistributionPlots/CRAPPOSTree.top.root
[INFO] Get histos from /eos/home-g/geliu/LepUni/Histos/UL2016/DistributionPlots/CRAPPOSTree.EWKZee.root
[INFO] Get histos from /eos/home-g/geliu/LepUni/Histos/UL2016/DistributionPlots/CRAPPOSTree.EWKZtt.root
[INFO] Get histos from /eos/home-g/geliu/LepUni/Histos/UL2016/DistributionPlots/CRAPPOSTree.EWKZmm.root
[INFO] Get histos from /eos/home-g/geliu/LepUni/Histos/UL2016/DistributionPlots/CRAPPOSTree.DYee.root
[INFO] Get histos from /eos/home-g/geliu/LepUni/Histos/UL2016/DistributionPlots/CRAPPOSTree.DYtt.root
[INFO] Get histos from /eos/home-g/geliu/LepUni/Histos/UL2016/DistributionPlots/CRAPPOSTree.DYmm.root
[INFO] Get histos from /eos/home-g/geliu/LepUni/Histos/UL2016/DistributionPlots/CRAPPOSTree.Wjet.root
[INFO] Get histos from /eos/home-g/geliu/LepUni/Histos/UL2016/DistributionPlots/CRAPPOSTree.TTfake.root
[INFO] Get histos from /eos/home-g/geliu/LepUni/Histos/UL2016/DistributionPlots/CRAPPOSTree.Data.root
[INFO] Total MC summed
[INFO] Saved Histos to /eos/home-g/geliu/LepUni/Histos/UL2016/DistributionPlots/CRAPPOSTree.TotalMC.root
